2026-06-29T23:54:00.838Z  INFO 1 --- [orders-service] [io-8082-exec-10] c.v.o.service.impl.OrderServiceImpl      : Saving order: ORD-0A4F6057
Hibernate: insert into orders (created_at,customer_id,order_number,status,total) values (?,?,?,?,?)
2026-06-29T23:54:00.917Z  INFO 1 --- [orders-service] [io-8082-exec-10] c.v.o.service.impl.OrderServiceImpl      : Creating stock movement for product 31: quantity 2
Hibernate: insert into order_details (order_id,price,product_id,quantity,subtotal) values (?,?,?,?,?)
2026-06-29T23:54:01.294Z  INFO 1 --- [orders-service] [io-8082-exec-10] c.v.o.service.impl.OrderServiceImpl      : Saved order detail for product: 31
2026-06-29T23:54:01.294Z  INFO 1 --- [orders-service] [io-8082-exec-10] c.v.o.service.impl.OrderServiceImpl      : Order created successfully: 16
Hibernate: select o1_0.id,o1_0.created_at,o1_0.customer_id,o1_0.order_number,o1_0.status,o1_0.total from orders o1_0
Hibernate: select o1_0.id,o1_0.created_at,o1_0.customer_id,o1_0.order_number,o1_0.status,o1_0.total from orders o1_0
Hibernate: select o1_0.id,o1_0.created_at,o1_0.customer_id,o1_0.order_number,o1_0.status,o1_0.total from orders o1_0
Hibernate: select o1_0.id,o1_0.created_at,o1_0.customer_id,o1_0.order_number,o1_0.status,o1_0.total from orders o1_0
2026-06-29T23:54:49.932Z  INFO 1 --- [orders-service] [nio-8082-exec-5] c.v.o.service.impl.OrderServiceImpl      : Fetching customer with ID: 15
2026-06-29T23:54:49.964Z  INFO 1 --- [orders-service] [nio-8082-exec-5] c.v.o.service.impl.OrderServiceImpl      : Fetching product with ID: 32
2026-06-29T23:54:49.994Z  INFO 1 --- [orders-service] [nio-8082-exec-5] c.v.o.service.impl.OrderServiceImpl      : Fetching stock for product: 32
2026-06-29T23:54:50.026Z  INFO 1 --- [orders-service] [nio-8082-exec-5] c.v.o.service.impl.OrderServiceImpl      : Fetching product with ID: 31
2026-06-29T23:54:50.088Z  INFO 1 --- [orders-service] [nio-8082-exec-5] c.v.o.service.impl.OrderServiceImpl      : Fetching stock for product: 31
2026-06-29T23:54:50.106Z  INFO 1 --- [orders-service] [nio-8082-exec-5] c.v.o.service.impl.OrderServiceImpl      : Saving order: ORD-5812E628
Hibernate: insert into orders (created_at,customer_id,order_number,status,total) values (?,?,?,?,?)
2026-06-29T23:54:50.134Z  INFO 1 --- [orders-service] [nio-8082-exec-5] c.v.o.service.impl.OrderServiceImpl      : Creating stock movement for product 32: quantity 2
Hibernate: insert into order_details (order_id,price,product_id,quantity,subtotal) values (?,?,?,?,?)
2026-06-29T23:54:50.422Z  INFO 1 --- [orders-service] [nio-8082-exec-5] c.v.o.service.impl.OrderServiceImpl      : Saved order detail for product: 32
2026-06-29T23:54:50.558Z  INFO 1 --- [orders-service] [nio-8082-exec-5] c.v.o.service.impl.OrderServiceImpl      : Creating stock movement for product 31: quantity 2
Hibernate: insert into order_details (order_id,price,product_id,quantity,subtotal) values (?,?,?,?,?)
2026-06-29T23:54:51.409Z  INFO 1 --- [orders-service] [nio-8082-exec-5] c.v.o.service.impl.OrderServiceImpl      : Saved order detail for product: 31
2026-06-29T23:54:51.409Z  INFO 1 --- [orders-service] [nio-8082-exec-5] c.v.o.service.impl.OrderServiceImpl      : Order created successfully: 17
Hibernate: select o1_0.id,o1_0.created_at,o1_0.customer_id,o1_0.order_number,o1_0.status,o1_0.total from orders o1_0
2026-06-29T23:55:01.161Z  INFO 1 --- [orders-service] [nio-8082-exec-7] c.v.o.service.impl.OrderServiceImpl      : Fetching customer with ID: 15
2026-06-29T23:55:01.181Z  INFO 1 --- [orders-service] [nio-8082-exec-7] c.v.o.service.impl.OrderServiceImpl      : Fetching product with ID: 29
2026-06-29T23:55:01.221Z  INFO 1 --- [orders-service] [nio-8082-exec-7] c.v.o.service.impl.OrderServiceImpl      : Fetching stock for product: 29
2026-06-29T23:55:01.242Z ERROR 1 --- [orders-service] [nio-8082-exec-7] c.v.o.service.impl.OrderServiceImpl      : Error processing item 29: Insufficient stock for product: ass

java.lang.RuntimeException: Insufficient stock for product: ass
	at com.ventas.orders_service.service.impl.OrderServiceImpl.create(OrderServiceImpl.java:74) ~[!/:0.0.1-SNAPSHOT]
	at java.base/jdk.internal.reflect.DirectMethodHandleAccessor.invoke(DirectMethodHandleAccessor.java:103) ~[na:na]
	at java.base/java.lang.reflect.Method.invoke(Method.java:580) ~[na:na]
	at org.springframework.aop.support.AopUtils.invokeJoinpointUsingReflection(AopUtils.java:354) ~[spring-aop-6.1.6.jar!/:6.1.6]
	at org.springframework.aop.framework.ReflectiveMethodInvocation.invokeJoinpoint(ReflectiveMethodInvocation.java:196) ~[spring-aop-6.1.6.jar!/:6.1.6]
	at org.springframework.aop.framework.ReflectiveMethodInvocation.proceed(ReflectiveMethodInvocation.java:163) ~[spring-aop-6.1.6.jar!/:6.1.6]
	at org.springframework.aop.framework.CglibAopProxy$CglibMethodInvocation.proceed(CglibAopProxy.java:768) ~[spring-aop-6.1.6.jar!/:6.1.6]
	at org.springframework.transaction.interceptor.TransactionInterceptor$1.proceedWithInvocation(TransactionInterceptor.java:123) ~[spring-tx-6.1.6.jar!/:6.1.6]
	at org.springframework.transaction.interceptor.TransactionAspectSupport.invokeWithinTransaction(TransactionAspectSupport.java:392) ~[spring-tx-6.1.6.jar!/:6.1.6]
	at org.springframework.transaction.interceptor.TransactionInterceptor.invoke(TransactionInterceptor.java:119) ~[spring-tx-6.1.6.jar!/:6.1.6]
	at org.springframework.aop.framework.ReflectiveMethodInvocation.proceed(ReflectiveMethodInvocation.java:184) ~[spring-aop-6.1.6.jar!/:6.1.6]
	at org.springframework.aop.framework.CglibAopProxy$CglibMethodInvocation.proceed(CglibAopProxy.java:768) ~[spring-aop-6.1.6.jar!/:6.1.6]
	at org.springframework.aop.framework.CglibAopProxy$DynamicAdvisedInterceptor.intercept(CglibAopProxy.java:720) ~[spring-aop-6.1.6.jar!/:6.1.6]
	at com.ventas.orders_service.service.impl.OrderServiceImpl$$SpringCGLIB$$0.create(<generated>) ~[!/:0.0.1-SNAPSHOT]
	at com.ventas.orders_service.controller.OrderController.create(OrderController.java:25) ~[!/:0.0.1-SNAPSHOT]
	at java.base/jdk.internal.reflect.DirectMethodHandleAccessor.invoke(DirectMethodHandleAccessor.java:103) ~[na:na]
	at java.base/java.lang.reflect.Method.invoke(Method.java:580) ~[na:na]
	at org.springframework.web.method.support.InvocableHandlerMethod.doInvoke(InvocableHandlerMethod.java:255) ~[spring-web-6.1.6.jar!/:6.1.6]
	at org.springframework.web.method.support.InvocableHandlerMethod.invokeForRequest(InvocableHandlerMethod.java:188) ~[spring-web-6.1.6.jar!/:6.1.6]
	at org.springframework.web.servlet.mvc.method.annotation.ServletInvocableHandlerMethod.invokeAndHandle(ServletInvocableHandlerMethod.java:118) ~[spring-webmvc-6.1.6.jar!/:6.1.6]
	at org.springframework.web.servlet.mvc.method.annotation.RequestMappingHandlerAdapter.invokeHandlerMethod(RequestMappingHandlerAdapter.java:926) ~[spring-webmvc-6.1.6.jar!/:6.1.6]
	at org.springframework.web.servlet.mvc.method.annotation.RequestMappingHandlerAdapter.handleInternal(RequestMappingHandlerAdapter.java:831) ~[spring-webmvc-6.1.6.jar!/:6.1.6]
	at org.springframework.web.servlet.mvc.method.AbstractHandlerMethodAdapter.handle(AbstractHandlerMethodAdapter.java:87) ~[spring-webmvc-6.1.6.jar!/:6.1.6]
	at org.springframework.web.servlet.DispatcherServlet.doDispatch(DispatcherServlet.java:1089) ~[spring-webmvc-6.1.6.jar!/:6.1.6]
	at org.springframework.web.servlet.DispatcherServlet.doService(DispatcherServlet.java:979) ~[spring-webmvc-6.1.6.jar!/:6.1.6]
	at org.springframework.web.servlet.FrameworkServlet.processRequest(FrameworkServlet.java:1014) ~[spring-webmvc-6.1.6.jar!/:6.1.6]
	at org.springframework.web.servlet.FrameworkServlet.doPost(FrameworkServlet.java:914) ~[spring-webmvc-6.1.6.jar!/:6.1.6]
	at jakarta.servlet.http.HttpServlet.service(HttpServlet.java:590) ~[tomcat-embed-core-10.1.20.jar!/:na]
	at org.springframework.web.servlet.FrameworkServlet.service(FrameworkServlet.java:885) ~[spring-webmvc-6.1.6.jar!/:6.1.6]
	at jakarta.servlet.http.HttpServlet.service(HttpServlet.java:658) ~[tomcat-embed-core-10.1.20.jar!/:na]
	at org.apache.catalina.core.ApplicationFilterChain.internalDoFilter(ApplicationFilterChain.java:206) ~[tomcat-embed-core-10.1.20.jar!/:na]
	at org.apache.catalina.core.ApplicationFilterChain.doFilter(ApplicationFilterChain.java:150) ~[tomcat-embed-core-10.1.20.jar!/:na]
	at org.apache.tomcat.websocket.server.WsFilter.doFilter(WsFilter.java:51) ~[tomcat-embed-websocket-10.1.20.jar!/:na]
	at org.apache.catalina.core.ApplicationFilterChain.internalDoFilter(ApplicationFilterChain.java:175) ~[tomcat-embed-core-10.1.20.jar!/:na]
	at org.apache.catalina.core.ApplicationFilterChain.doFilter(ApplicationFilterChain.java:150) ~[tomcat-embed-core-10.1.20.jar!/:na]
	at org.springframework.web.filter.RequestContextFilter.doFilterInternal(RequestContextFilter.java:100) ~[spring-web-6.1.6.jar!/:6.1.6]
	at org.springframework.web.filter.OncePerRequestFilter.doFilter(OncePerRequestFilter.java:116) ~[spring-web-6.1.6.jar!/:6.1.6]
	at org.apache.catalina.core.ApplicationFilterChain.internalDoFilter(ApplicationFilterChain.java:175) ~[tomcat-embed-core-10.1.20.jar!/:na]
	at org.apache.catalina.core.ApplicationFilterChain.doFilter(ApplicationFilterChain.java:150) ~[tomcat-embed-core-10.1.20.jar!/:na]
	at org.springframework.web.filter.FormContentFilter.doFilterInternal(FormContentFilter.java:93) ~[spring-web-6.1.6.jar!/:6.1.6]
	at org.springframework.web.filter.OncePerRequestFilter.doFilter(OncePerRequestFilter.java:116) ~[spring-web-6.1.6.jar!/:6.1.6]
	at org.apache.catalina.core.ApplicationFilterChain.internalDoFilter(ApplicationFilterChain.java:175) ~[tomcat-embed-core-10.1.20.jar!/:na]
	at org.apache.catalina.core.ApplicationFilterChain.doFilter(ApplicationFilterChain.java:150) ~[tomcat-embed-core-10.1.20.jar!/:na]
	at org.springframework.web.filter.ServerHttpObservationFilter.doFilterInternal(ServerHttpObservationFilter.java:109) ~[spring-web-6.1.6.jar!/:6.1.6]
	at org.springframework.web.filter.OncePerRequestFilter.doFilter(OncePerRequestFilter.java:116) ~[spring-web-6.1.6.jar!/:6.1.6]
	at org.apache.catalina.core.ApplicationFilterChain.internalDoFilter(ApplicationFilterChain.java:175) ~[tomcat-embed-core-10.1.20.jar!/:na]
	at org.apache.catalina.core.ApplicationFilterChain.doFilter(ApplicationFilterChain.java:150) ~[tomcat-embed-core-10.1.20.jar!/:na]
	at org.springframework.web.filter.CharacterEncodingFilter.doFilterInternal(CharacterEncodingFilter.java:201) ~[spring-web-6.1.6.jar!/:6.1.6]
	at org.springframework.web.filter.OncePerRequestFilter.doFilter(OncePerRequestFilter.java:116) ~[spring-web-6.1.6.jar!/:6.1.6]
	at org.apache.catalina.core.ApplicationFilterChain.internalDoFilter(ApplicationFilterChain.java:175) ~[tomcat-embed-core-10.1.20.jar!/:na]
	at org.apache.catalina.core.ApplicationFilterChain.doFilter(ApplicationFilterChain.java:150) ~[tomcat-embed-core-10.1.20.jar!/:na]
	at org.apache.catalina.core.StandardWrapperValve.invoke(StandardWrapperValve.java:167) ~[tomcat-embed-core-10.1.20.jar!/:na]
	at org.apache.catalina.core.StandardContextValve.invoke(StandardContextValve.java:90) ~[tomcat-embed-core-10.1.20.jar!/:na]
	at org.apache.catalina.authenticator.AuthenticatorBase.invoke(AuthenticatorBase.java:482) ~[tomcat-embed-core-10.1.20.jar!/:na]
	at org.apache.catalina.core.StandardHostValve.invoke(StandardHostValve.java:115) ~[tomcat-embed-core-10.1.20.jar!/:na]
	at org.apache.catalina.valves.ErrorReportValve.invoke(ErrorReportValve.java:93) ~[tomcat-embed-core-10.1.20.jar!/:na]
	at org.apache.catalina.core.StandardEngineValve.invoke(StandardEngineValve.java:74) ~[tomcat-embed-core-10.1.20.jar!/:na]
	at org.apache.catalina.connector.CoyoteAdapter.service(CoyoteAdapter.java:344) ~[tomcat-embed-core-10.1.20.jar!/:na]
	at org.apache.coyote.http11.Http11Processor.service(Http11Processor.java:391) ~[tomcat-embed-core-10.1.20.jar!/:na]
	at org.apache.coyote.AbstractProcessorLight.process(AbstractProcessorLight.java:63) ~[tomcat-embed-core-10.1.20.jar!/:na]
	at org.apache.coyote.AbstractProtocol$ConnectionHandler.process(AbstractProtocol.java:896) ~[tomcat-embed-core-10.1.20.jar!/:na]
	at org.apache.tomcat.util.net.NioEndpoint$SocketProcessor.doRun(NioEndpoint.java:1736) ~[tomcat-embed-core-10.1.20.jar!/:na]
	at org.apache.tomcat.util.net.SocketProcessorBase.run(SocketProcessorBase.java:52) ~[tomcat-embed-core-10.1.20.jar!/:na]
	at org.apache.tomcat.util.threads.ThreadPoolExecutor.runWorker(ThreadPoolExecutor.java:1191) ~[tomcat-embed-core-10.1.20.jar!/:na]
	at org.apache.tomcat.util.threads.ThreadPoolExecutor$Worker.run(ThreadPoolExecutor.java:659) ~[tomcat-embed-core-10.1.20.jar!/:na]
	at org.apache.tomcat.util.threads.TaskThread$WrappingRunnable.run(TaskThread.java:63) ~[tomcat-embed-core-10.1.20.jar!/:na]
	at java.base/java.lang.Thread.run(Thread.java:1583) ~[na:na]

Hibernate: select o1_0.id,o1_0.created_at,o1_0.customer_id,o1_0.order_number,o1_0.status,o1_0.total from orders o1_0
Hibernate: select o1_0.id,o1_0.created_at,o1_0.customer_id,o1_0.order_number,o1_0.status,o1_0.total from orders o1_0
2026-06-29T23:55:21.709Z  INFO 1 --- [orders-service] [io-8082-exec-10] c.v.o.service.impl.OrderServiceImpl      : Fetching customer with ID: 15
2026-06-29T23:55:21.724Z  INFO 1 --- [orders-service] [io-8082-exec-10] c.v.o.service.impl.OrderServiceImpl      : Fetching product with ID: 32
2026-06-29T23:55:21.742Z  INFO 1 --- [orders-service] [io-8082-exec-10] c.v.o.service.impl.OrderServiceImpl      : Fetching stock for product: 32
2026-06-29T23:55:21.758Z  INFO 1 --- [orders-service] [io-8082-exec-10] c.v.o.service.impl.OrderServiceImpl      : Saving order: ORD-9BEEFAC0
Hibernate: insert into orders (created_at,customer_id,order_number,status,total) values (?,?,?,?,?)
2026-06-29T23:55:21.778Z  INFO 1 --- [orders-service] [io-8082-exec-10] c.v.o.service.impl.OrderServiceImpl      : Creating stock movement for product 32: quantity 4
Hibernate: insert into order_details (order_id,price,product_id,quantity,subtotal) values (?,?,?,?,?)
2026-06-29T23:55:21.853Z  INFO 1 --- [orders-service] [io-8082-exec-10] c.v.o.service.impl.OrderServiceImpl      : Saved order detail for product: 32
2026-06-29T23:55:21.853Z  INFO 1 --- [orders-service] [io-8082-exec-10] c.v.o.service.impl.OrderServiceImpl      : Order created successfully: 18
Hibernate: select o1_0.id,o1_0.created_at,o1_0.customer_id,o1_0.order_number,o1_0.status,o1_0.total from orders o1_0
Hibernate: select o1_0.id,o1_0.created_at,o1_0.customer_id,o1_0.order_number,o1_0.status,o1_0.total from orders o1_0
Hibernate: select o1_0.id,o1_0.created_at,o1_0.customer_id,o1_0.order_number,o1_0.status,o1_0.total from orders o1_0
2026-06-29T23:58:09.353Z  INFO 1 --- [orders-service] [rap-executor-%d] c.n.d.s.r.aws.ConfigClusterResolver      : Resolving eureka endpoints via configuration
Hibernate: select o1_0.id,o1_0.created_at,o1_0.customer_id,o1_0.order_number,o1_0.status,o1_0.total from orders o1_0
2026-06-30T00:03:10.914Z  INFO 1 --- [orders-service] [rap-executor-%d] c.n.d.s.r.aws.ConfigClusterResolver      : Resolving eureka endpoints via configuration
2026-06-30T00:08:11.221Z  INFO 1 --- [orders-service] [rap-executor-%d] c.n.d.s.r.aws.ConfigClusterResolver      : Resolving eureka endpoints via configuration
2026-06-30T00:13:11.004Z  INFO 1 --- [orders-service] [rap-executor-%d] c.n.d.s.r.aws.ConfigClusterResolver      : Resolving eureka endpoints via configuration
Hibernate: select o1_0.id,o1_0.created_at,o1_0.customer_id,o1_0.order_number,o1_0.status,o1_0.total from orders o1_0
Hibernate: select o1_0.id,o1_0.created_at,o1_0.customer_id,o1_0.order_number,o1_0.status,o1_0.total from orders o1_0
Respuesta desde puerto: 8082
Hibernate: select o1_0.id,o1_0.created_at,o1_0.customer_id,o1_0.order_number,o1_0.status,o1_0.total from orders o1_0 where o1_0.id=?
2026-06-30T00:18:11.158Z  INFO 1 --- [orders-service] [rap-executor-%d] c.n.d.s.r.aws.ConfigClusterResolver      : Resolving eureka endpoints via configuration
2026-06-30T00:23:15.144Z  INFO 1 --- [orders-service] [rap-executor-%d] c.n.d.s.r.aws.ConfigClusterResolver      : Resolving eureka endpoints via configuration
2026-06-30T00:28:15.808Z  INFO 1 --- [orders-service] [rap-executor-%d] c.n.d.s.r.aws.ConfigClusterResolver      : Resolving eureka endpoints via configuration
Hibernate: select o1_0.id,o1_0.created_at,o1_0.customer_id,o1_0.order_number,o1_0.status,o1_0.total from orders o1_0
Hibernate: select o1_0.id,o1_0.created_at,o1_0.customer_id,o1_0.order_number,o1_0.status,o1_0.total from orders o1_0
Hibernate: select o1_0.id,o1_0.created_at,o1_0.customer_id,o1_0.order_number,o1_0.status,o1_0.total from orders o1_0
Hibernate: select o1_0.id,o1_0.created_at,o1_0.customer_id,o1_0.order_number,o1_0.status,o1_0.total from orders o1_0
Respuesta desde puerto: 8082
Hibernate: select o1_0.id,o1_0.created_at,o1_0.customer_id,o1_0.order_number,o1_0.status,o1_0.total from orders o1_0 where o1_0.id=?
Respuesta desde puerto: 8082
Hibernate: select o1_0.id,o1_0.created_at,o1_0.customer_id,o1_0.order_number,o1_0.status,o1_0.total from orders o1_0 where o1_0.id=?
Respuesta desde puerto: 8082
Hibernate: select o1_0.id,o1_0.created_at,o1_0.customer_id,o1_0.order_number,o1_0.status,o1_0.total from orders o1_0 where o1_0.id=?
Hibernate: select od1_0.id,od1_0.order_id,od1_0.price,od1_0.product_id,od1_0.quantity,od1_0.subtotal from order_details od1_0 left join orders o1_0 on o1_0.id=od1_0.order_id where o1_0.id=?
Hibernate: select od1_0.id,od1_0.order_id,od1_0.price,od1_0.product_id,od1_0.quantity,od1_0.subtotal from order_details od1_0 left join orders o1_0 on o1_0.id=od1_0.order_id where o1_0.id=?
Hibernate: select o1_0.id,o1_0.created_at,o1_0.customer_id,o1_0.order_number,o1_0.status,o1_0.total from orders o1_0
Hibernate: select o1_0.id,o1_0.created_at,o1_0.customer_id,o1_0.order_number,o1_0.status,o1_0.total from orders o1_0
Respuesta desde puerto: 8082
Hibernate: select o1_0.id,o1_0.created_at,o1_0.customer_id,o1_0.order_number,o1_0.status,o1_0.total from orders o1_0 where o1_0.id=?
Hibernate: select od1_0.id,od1_0.order_id,od1_0.price,od1_0.product_id,od1_0.quantity,od1_0.subtotal from order_details od1_0 left join orders o1_0 on o1_0.id=od1_0.order_id where o1_0.id=?
Respuesta desde puerto: 8082
Hibernate: select o1_0.id,o1_0.created_at,o1_0.customer_id,o1_0.order_number,o1_0.status,o1_0.total from orders o1_0 where o1_0.id=?
Hibernate: select od1_0.id,od1_0.order_id,od1_0.price,od1_0.product_id,od1_0.quantity,od1_0.subtotal from order_details od1_0 left join orders o1_0 on o1_0.id=od1_0.order_id where o1_0.id=?
Hibernate: select o1_0.id,o1_0.created_at,o1_0.customer_id,o1_0.order_number,o1_0.status,o1_0.total from orders o1_0
Hibernate: select o1_0.id,o1_0.created_at,o1_0.customer_id,o1_0.order_number,o1_0.status,o1_0.total from orders o1_0
Hibernate: select o1_0.id,o1_0.created_at,o1_0.customer_id,o1_0.order_number,o1_0.status,o1_0.total from orders o1_0
Hibernate: select o1_0.id,o1_0.created_at,o1_0.customer_id,o1_0.order_number,o1_0.status,o1_0.total from orders o1_0
Respuesta desde puerto: 8082
Hibernate: select o1_0.id,o1_0.created_at,o1_0.customer_id,o1_0.order_number,o1_0.status,o1_0.total from orders o1_0 where o1_0.id=?
Respuesta desde puerto: 8082
Hibernate: select o1_0.id,o1_0.created_at,o1_0.customer_id,o1_0.order_number,o1_0.status,o1_0.total from orders o1_0 where o1_0.id=?
Hibernate: select od1_0.id,od1_0.order_id,od1_0.price,od1_0.product_id,od1_0.quantity,od1_0.subtotal from order_details od1_0 left join orders o1_0 on o1_0.id=od1_0.order_id where o1_0.id=?
Respuesta desde puerto: 8082
Hibernate: select o1_0.id,o1_0.created_at,o1_0.customer_id,o1_0.order_number,o1_0.status,o1_0.total from orders o1_0 where o1_0.id=?
Hibernate: select od1_0.id,od1_0.order_id,od1_0.price,od1_0.product_id,od1_0.quantity,od1_0.subtotal from order_details od1_0 left join orders o1_0 on o1_0.id=od1_0.order_id where o1_0.id=?
Hibernate: select o1_0.id,o1_0.created_at,o1_0.customer_id,o1_0.order_number,o1_0.status,o1_0.total from orders o1_0
Hibernate: select o1_0.id,o1_0.created_at,o1_0.customer_id,o1_0.order_number,o1_0.status,o1_0.total from orders o1_0
Hibernate: select od1_0.id,od1_0.order_id,od1_0.price,od1_0.product_id,od1_0.quantity,od1_0.subtotal from order_details od1_0 left join orders o1_0 on o1_0.id=od1_0.order_id where o1_0.id=?
Respuesta desde puerto: 8082
Hibernate: select o1_0.id,o1_0.created_at,o1_0.customer_id,o1_0.order_number,o1_0.status,o1_0.total from orders o1_0 where o1_0.id=?
Hibernate: select od1_0.id,od1_0.order_id,od1_0.price,od1_0.product_id,od1_0.quantity,od1_0.subtotal from order_details od1_0 left join orders o1_0 on o1_0.id=od1_0.order_id where o1_0.id=?
Respuesta desde puerto: 8082
Hibernate: select o1_0.id,o1_0.created_at,o1_0.customer_id,o1_0.order_number,o1_0.status,o1_0.total from orders o1_0 where o1_0.id=?
2026-06-30T00:33:16.076Z  INFO 1 --- [orders-service] [rap-executor-%d] c.n.d.s.r.aws.ConfigClusterResolver      : Resolving eureka endpoints via configuration
Hibernate: select o1_0.id,o1_0.created_at,o1_0.customer_id,o1_0.order_number,o1_0.status,o1_0.total from orders o1_0
Hibernate: select o1_0.id,o1_0.created_at,o1_0.customer_id,o1_0.order_number,o1_0.status,o1_0.total from orders o1_0
2026-06-30T00:38:16.275Z  INFO 1 --- [orders-service] [rap-executor-%d] c.n.d.s.r.aws.ConfigClusterResolver      : Resolving eureka endpoints via configuration
Respuesta desde puerto: 8082
Hibernate: select o1_0.id,o1_0.created_at,o1_0.customer_id,o1_0.order_number,o1_0.status,o1_0.total from orders o1_0 where o1_0.id=?
Hibernate: select od1_0.id,od1_0.order_id,od1_0.price,od1_0.product_id,od1_0.quantity,od1_0.subtotal from order_details od1_0 left join orders o1_0 on o1_0.id=od1_0.order_id where o1_0.id=?
Hibernate: select od1_0.id,od1_0.order_id,od1_0.price,od1_0.product_id,od1_0.quantity,od1_0.subtotal from order_details od1_0 left join orders o1_0 on o1_0.id=od1_0.order_id where o1_0.id=?
Respuesta desde puerto: 8082
Hibernate: select o1_0.id,o1_0.created_at,o1_0.customer_id,o1_0.order_number,o1_0.status,o1_0.total from orders o1_0 where o1_0.id=?
Hibernate: select o1_0.id,o1_0.created_at,o1_0.customer_id,o1_0.order_number,o1_0.status,o1_0.total from orders o1_0
Hibernate: select o1_0.id,o1_0.created_at,o1_0.customer_id,o1_0.order_number,o1_0.status,o1_0.total from orders o1_0
Respuesta desde puerto: 8082
Hibernate: select o1_0.id,o1_0.created_at,o1_0.customer_id,o1_0.order_number,o1_0.status,o1_0.total from orders o1_0 where o1_0.id=?
2026-06-30T00:43:16.437Z  INFO 1 --- [orders-service] [rap-executor-%d] c.n.d.s.r.aws.ConfigClusterResolver      : Resolving eureka endpoints via configuration
Respuesta desde puerto: 8082
Hibernate: select o1_0.id,o1_0.created_at,o1_0.customer_id,o1_0.order_number,o1_0.status,o1_0.total from orders o1_0 where o1_0.id=?
Hibernate: select od1_0.id,od1_0.order_id,od1_0.price,od1_0.product_id,od1_0.quantity,od1_0.subtotal from order_details od1_0 left join orders o1_0 on o1_0.id=od1_0.order_id where o1_0.id=?
Hibernate: select od1_0.id,od1_0.order_id,od1_0.price,od1_0.product_id,od1_0.quantity,od1_0.subtotal from order_details od1_0 left join orders o1_0 on o1_0.id=od1_0.order_id where o1_0.id=?
Respuesta desde puerto: 8082
Hibernate: select o1_0.id,o1_0.created_at,o1_0.customer_id,o1_0.order_number,o1_0.status,o1_0.total from orders o1_0 where o1_0.id=?
Hibernate: select o1_0.id,o1_0.created_at,o1_0.customer_id,o1_0.order_number,o1_0.status,o1_0.total from orders o1_0
Hibernate: select o1_0.id,o1_0.created_at,o1_0.customer_id,o1_0.order_number,o1_0.status,o1_0.total from orders o1_0
Respuesta desde puerto: 8082
Hibernate: select od1_0.id,od1_0.order_id,od1_0.price,od1_0.product_id,od1_0.quantity,od1_0.subtotal from order_details od1_0 left join orders o1_0 on o1_0.id=od1_0.order_id where o1_0.id=?
Hibernate: select o1_0.id,o1_0.created_at,o1_0.customer_id,o1_0.order_number,o1_0.status,o1_0.total from orders o1_0 where o1_0.id=?
Respuesta desde puerto: 8082
Hibernate: select o1_0.id,o1_0.created_at,o1_0.customer_id,o1_0.order_number,o1_0.status,o1_0.total from orders o1_0 where o1_0.id=?
Hibernate: select od1_0.id,od1_0.order_id,od1_0.price,od1_0.product_id,od1_0.quantity,od1_0.subtotal from order_details od1_0 left join orders o1_0 on o1_0.id=od1_0.order_id where o1_0.id=?
Hibernate: select o1_0.id,o1_0.created_at,o1_0.customer_id,o1_0.order_number,o1_0.status,o1_0.total from orders o1_0
Hibernate: select o1_0.id,o1_0.created_at,o1_0.customer_id,o1_0.order_number,o1_0.status,o1_0.total from orders o1_0
Respuesta desde puerto: 8082
Hibernate: select o1_0.id,o1_0.created_at,o1_0.customer_id,o1_0.order_number,o1_0.status,o1_0.total from orders o1_0 where o1_0.id=?
2026-06-30T00:48:16.485Z  INFO 1 --- [orders-service] [rap-executor-%d] c.n.d.s.r.aws.ConfigClusterResolver      : Resolving eureka endpoints via configuration
2026-06-30T00:53:16.512Z  INFO 1 --- [orders-service] [rap-executor-%d] c.n.d.s.r.aws.ConfigClusterResolver      : Resolving eureka endpoints via configuration
